> is.even<- function(a.number){}
> +remainder<- a.number %% 2
Error: object 'a.number' not found
> is.even<- function(a.number){+remainder<- a.number %% 2
+ if(remainder==0)+return(TRUE)+return(FALSE)+}
Error: unexpected '}' in:
"is.even<- function(a.number){+remainder<- a.number %% 2
if(remainder==0)+return(TRUE)+return(FALSE)+}"
> is.divisible by (10,2)
Error: unexpected symbol in "is.divisible by"
> is.divisible.by(10,2)
Error in is.divisible.by(10, 2) : 
  could not find function "is.divisible.by"
> is<-34
> is.divisible.by(10,2)
Error in is.divisible.by(10, 2) : 
  could not find function "is.divisible.by"
> a.matrix<- matrix(c(1,2,3,4,5,6,7))
> a.matrix
     [,1]
[1,]    1
[2,]    2
[3,]    3
[4,]    4
[5,]    5
[6,]    6
[7,]    7
> a.matrix<- matrix(c(1.2.3.4.5.6.7), ncol=2)
Error: unexpected numeric constant in "a.matrix<- matrix(c(1.2.3"
> a.matrix<- (c(1,2,3,4,5,6,7), ncol=2)
Error: unexpected ',' in "a.matrix<- (c(1,2,3,4,5,6,7),"
> a.matrix<- matrix(c(1,2,3,4,5,6,7), ncol=2)
Warning message:
In matrix(c(1, 2, 3, 4, 5, 6, 7), ncol = 2) :
  data length [7] is not a sub-multiple or multiple of the number of rows [4]
> a.matrix<- matrix(c(1,2,3,4,5,6,7,8), ncol=2)
> a.matrix
     [,1] [,2]
[1,]    1    5
[2,]    2    6
[3,]    3    7
[4,]    4    8
> a2.matrix<- cbind(c(1,2,3,4), c(5,6,7,8))
> a2.matrix
     [,1] [,2]
[1,]    1    5
[2,]    2    6
[3,]    3    7
[4,]    4    8
> t(a2.matrix)
     [,1] [,2] [,3] [,4]
[1,]    1    2    3    4
[2,]    5    6    7    8
> colSums(a2.matrix)
[1] 10 26
> rowSums(a2,matrix)
Error in is.data.frame(x) : object 'a2' not found
> rowMeans(a2.matrix)
[1] 3 4 5 6
> apply(a2.matrix, 2,sum)
[1] 10 26
> a2.matrix %*% a2.matrix
Error in a2.matrix %*% a2.matrix : non-conformable arguments
> a2.matrix[2,1]
[1] 2
> install ggplot2
Error: unexpected symbol in "install ggplot2"
Warning: unable to access index for repository https://cran.rstudio.com/src/contrib:
  cannot open URL 'https://cran.rstudio.com/src/contrib/PACKAGES'
Warning: unable to access index for repository https://cran.rstudio.com/src/contrib:
  cannot open URL 'https://cran.rstudio.com/src/contrib/PACKAGES'
> install.packages("ggplot2")
Warning in install.packages :
  unable to access index for repository https://cran.rstudio.com/src/contrib:
  cannot open URL 'https://cran.rstudio.com/src/contrib/PACKAGES'
WARNING: Rtools is required to build R packages but is not currently installed. Please download and install the appropriate version of Rtools before proceeding:

https://cran.rstudio.com/bin/windows/Rtools/
Installing package into ‘C:/Users/rmusf/OneDrive/Documents/R/win-library/4.0’
(as ‘lib’ is unspecified)
Warning in install.packages :
  unable to access index for repository https://cran.rstudio.com/src/contrib:
  cannot open URL 'https://cran.rstudio.com/src/contrib/PACKAGES'
Warning in install.packages :
  package ‘ggplot2’ is not available (for R version 4.0.0)
Warning in install.packages :
  unable to access index for repository https://cran.rstudio.com/bin/windows/contrib/4.0:
  cannot open URL 'https://cran.rstudio.com/bin/windows/contrib/4.0/PACKAGES'
Warning: unable to access index for repository https://cran.rstudio.com/src/contrib:
  cannot open URL 'https://cran.rstudio.com/src/contrib/PACKAGES'
Warning: unable to access index for repository https://cran.rstudio.com/src/contrib:
  cannot open URL 'https://cran.rstudio.com/src/contrib/PACKAGES'
> install.packages("ggplot")
Warning in install.packages :
  unable to access index for repository https://cran.rstudio.com/src/contrib:
  cannot open URL 'https://cran.rstudio.com/src/contrib/PACKAGES'
WARNING: Rtools is required to build R packages but is not currently installed. Please download and install the appropriate version of Rtools before proceeding:

https://cran.rstudio.com/bin/windows/Rtools/
Installing package into ‘C:/Users/rmusf/OneDrive/Documents/R/win-library/4.0’
(as ‘lib’ is unspecified)
Warning in install.packages :
  unable to access index for repository https://cran.rstudio.com/src/contrib:
  cannot open URL 'https://cran.rstudio.com/src/contrib/PACKAGES'
Warning in install.packages :
  package ‘ggplot’ is not available (for R version 4.0.0)
Warning in install.packages :
  unable to access index for repository https://cran.rstudio.com/bin/windows/contrib/4.0:
  cannot open URL 'https://cran.rstudio.com/bin/windows/contrib/4.0/PACKAGES'
Warning: unable to access index for repository https://cran.rstudio.com/src/contrib:
  cannot open URL 'https://cran.rstudio.com/src/contrib/PACKAGES'
Warning: unable to access index for repository https://cran.rstudio.com/src/contrib:
  cannot open URL 'https://cran.rstudio.com/src/contrib/PACKAGES'
> install.packages("ggplot2")
Warning in install.packages :
  unable to access index for repository https://cran.rstudio.com/src/contrib:
  cannot open URL 'https://cran.rstudio.com/src/contrib/PACKAGES'
WARNING: Rtools is required to build R packages but is not currently installed. Please download and install the appropriate version of Rtools before proceeding:

https://cran.rstudio.com/bin/windows/Rtools/
Installing package into ‘C:/Users/rmusf/OneDrive/Documents/R/win-library/4.0’
(as ‘lib’ is unspecified)
Warning in install.packages :
  unable to access index for repository https://cran.rstudio.com/src/contrib:
  cannot open URL 'https://cran.rstudio.com/src/contrib/PACKAGES'
Warning in install.packages :
  package ‘ggplot2’ is not available (for R version 4.0.0)
Warning in install.packages :
  unable to access index for repository https://cran.rstudio.com/bin/windows/contrib/4.0:
  cannot open URL 'https://cran.rstudio.com/bin/windows/contrib/4.0/PACKAGES'
> install.packages("ggplot2")
WARNING: Rtools is required to build R packages but is not currently installed. Please download and install the appropriate version of Rtools before proceeding:

https://cran.rstudio.com/bin/windows/Rtools/
Installing package into ‘C:/Users/rmusf/OneDrive/Documents/R/win-library/4.0’
(as ‘lib’ is unspecified)
also installing the dependencies ‘ps’, ‘processx’, ‘callr’, ‘prettyunits’, ‘backports’, ‘desc’, ‘pkgbuild’, ‘rprojroot’, ‘rstudioapi’, ‘evaluate’, ‘pkgload’, ‘praise’, ‘colorspace’, ‘assertthat’, ‘utf8’, ‘testthat’, ‘farver’, ‘labeling’, ‘lifecycle’, ‘munsell’, ‘R6’, ‘RColorBrewer’, ‘viridisLite’, ‘cli’, ‘crayon’, ‘ellipsis’, ‘fansi’, ‘magrittr’, ‘pillar’, ‘pkgconfig’, ‘vctrs’, ‘digest’, ‘glue’, ‘gtable’, ‘isoband’, ‘rlang’, ‘scales’, ‘tibble’, ‘withr’


  There is a binary version available but the source version
  is later:
          binary source needs_compilation
backports  1.1.7  1.1.8              TRUE

  Binaries will be installed
trying URL 'https://cran.rstudio.com/bin/windows/contrib/4.0/ps_1.3.3.zip'
Content type 'application/zip' length 701022 bytes (684 KB)
downloaded 684 KB

trying URL 'https://cran.rstudio.com/bin/windows/contrib/4.0/processx_3.4.3.zip'
Content type 'application/zip' length 1147681 bytes (1.1 MB)
downloaded 1.1 MB

trying URL 'https://cran.rstudio.com/bin/windows/contrib/4.0/callr_3.4.3.zip'
Content type 'application/zip' length 387173 bytes (378 KB)
downloaded 378 KB

trying URL 'https://cran.rstudio.com/bin/windows/contrib/4.0/prettyunits_1.1.1.zip'
Content type 'application/zip' length 37707 bytes (36 KB)
downloaded 36 KB

trying URL 'https://cran.rstudio.com/bin/windows/contrib/4.0/backports_1.1.7.zip'
Content type 'application/zip' length 81641 bytes (79 KB)
downloaded 79 KB

trying URL 'https://cran.rstudio.com/bin/windows/contrib/4.0/desc_1.2.0.zip'
Content type 'application/zip' length 288856 bytes (282 KB)
downloaded 282 KB

trying URL 'https://cran.rstudio.com/bin/windows/contrib/4.0/pkgbuild_1.1.0.zip'
Content type 'application/zip' length 141218 bytes (137 KB)
downloaded 137 KB

trying URL 'https://cran.rstudio.com/bin/windows/contrib/4.0/rprojroot_1.3-2.zip'
Content type 'application/zip' length 84607 bytes (82 KB)
downloaded 82 KB

trying URL 'https://cran.rstudio.com/bin/windows/contrib/4.0/rstudioapi_0.11.zip'
Content type 'application/zip' length 280804 bytes (274 KB)
downloaded 274 KB

trying URL 'https://cran.rstudio.com/bin/windows/contrib/4.0/evaluate_0.14.zip'
Content type 'application/zip' length 76671 bytes (74 KB)
downloaded 74 KB

trying URL 'https://cran.rstudio.com/bin/windows/contrib/4.0/pkgload_1.1.0.zip'
Content type 'application/zip' length 163262 bytes (159 KB)
downloaded 159 KB

trying URL 'https://cran.rstudio.com/bin/windows/contrib/4.0/praise_1.0.0.zip'
Content type 'application/zip' length 19728 bytes (19 KB)
downloaded 19 KB

trying URL 'https://cran.rstudio.com/bin/windows/contrib/4.0/colorspace_1.4-1.zip'
Content type 'application/zip' length 2601047 bytes (2.5 MB)
downloaded 2.5 MB

trying URL 'https://cran.rstudio.com/bin/windows/contrib/4.0/assertthat_0.2.1.zip'
Content type 'application/zip' length 54927 bytes (53 KB)
downloaded 53 KB

trying URL 'https://cran.rstudio.com/bin/windows/contrib/4.0/utf8_1.1.4.zip'
Content type 'application/zip' length 208736 bytes (203 KB)
downloaded 203 KB

trying URL 'https://cran.rstudio.com/bin/windows/contrib/4.0/testthat_2.3.2.zip'
Content type 'application/zip' length 1974321 bytes (1.9 MB)
downloaded 1.9 MB

trying URL 'https://cran.rstudio.com/bin/windows/contrib/4.0/farver_2.0.3.zip'
Content type 'application/zip' length 1694111 bytes (1.6 MB)
downloaded 1.6 MB

trying URL 'https://cran.rstudio.com/bin/windows/contrib/4.0/labeling_0.3.zip'
Content type 'application/zip' length 62226 bytes (60 KB)
downloaded 60 KB

trying URL 'https://cran.rstudio.com/bin/windows/contrib/4.0/lifecycle_0.2.0.zip'
Content type 'application/zip' length 101604 bytes (99 KB)
downloaded 99 KB

trying URL 'https://cran.rstudio.com/bin/windows/contrib/4.0/munsell_0.5.0.zip'
Content type 'application/zip' length 244897 bytes (239 KB)
downloaded 239 KB

trying URL 'https://cran.rstudio.com/bin/windows/contrib/4.0/R6_2.4.1.zip'
Content type 'application/zip' length 59171 bytes (57 KB)
downloaded 57 KB

trying URL 'https://cran.rstudio.com/bin/windows/contrib/4.0/RColorBrewer_1.1-2.zip'
Content type 'application/zip' length 55583 bytes (54 KB)
downloaded 54 KB

trying URL 'https://cran.rstudio.com/bin/windows/contrib/4.0/viridisLite_0.3.0.zip'
Content type 'application/zip' length 60611 bytes (59 KB)
downloaded 59 KB

trying URL 'https://cran.rstudio.com/bin/windows/contrib/4.0/cli_2.0.2.zip'
Content type 'application/zip' length 400095 bytes (390 KB)
downloaded 390 KB

trying URL 'https://cran.rstudio.com/bin/windows/contrib/4.0/crayon_1.3.4.zip'
Content type 'application/zip' length 750218 bytes (732 KB)
downloaded 732 KB

trying URL 'https://cran.rstudio.com/bin/windows/contrib/4.0/ellipsis_0.3.1.zip'
Content type 'application/zip' length 46065 bytes (44 KB)
downloaded 44 KB

trying URL 'https://cran.rstudio.com/bin/windows/contrib/4.0/fansi_0.4.1.zip'
Content type 'application/zip' length 223017 bytes (217 KB)
downloaded 217 KB

trying URL 'https://cran.rstudio.com/bin/windows/contrib/4.0/magrittr_1.5.zip'
Content type 'application/zip' length 157449 bytes (153 KB)
downloaded 153 KB

trying URL 'https://cran.rstudio.com/bin/windows/contrib/4.0/pillar_1.4.6.zip'
Content type 'application/zip' length 181902 bytes (177 KB)
downloaded 177 KB

trying URL 'https://cran.rstudio.com/bin/windows/contrib/4.0/pkgconfig_2.0.3.zip'
Content type 'application/zip' length 22319 bytes (21 KB)
downloaded 21 KB

trying URL 'https://cran.rstudio.com/bin/windows/contrib/4.0/vctrs_0.3.2.zip'
Content type 'application/zip' length 1160471 bytes (1.1 MB)
downloaded 1.1 MB

trying URL 'https://cran.rstudio.com/bin/windows/contrib/4.0/digest_0.6.25.zip'
Content type 'application/zip' length 244953 bytes (239 KB)
downloaded 239 KB

trying URL 'https://cran.rstudio.com/bin/windows/contrib/4.0/glue_1.4.1.zip'
Content type 'application/zip' length 154479 bytes (150 KB)
downloaded 150 KB

trying URL 'https://cran.rstudio.com/bin/windows/contrib/4.0/gtable_0.3.0.zip'
Content type 'application/zip' length 434089 bytes (423 KB)
downloaded 423 KB

trying URL 'https://cran.rstudio.com/bin/windows/contrib/4.0/isoband_0.2.2.zip'
Content type 'application/zip' length 3408722 bytes (3.3 MB)
downloaded 3.3 MB

trying URL 'https://cran.rstudio.com/bin/windows/contrib/4.0/rlang_0.4.7.zip'
Content type 'application/zip' length 1135164 bytes (1.1 MB)
downloaded 1.1 MB

trying URL 'https://cran.rstudio.com/bin/windows/contrib/4.0/scales_1.1.1.zip'
Content type 'application/zip' length 561008 bytes (547 KB)
downloaded 547 KB

trying URL 'https://cran.rstudio.com/bin/windows/contrib/4.0/tibble_3.0.3.zip'
Content type 'application/zip' length 416247 bytes (406 KB)
downloaded 406 KB

trying URL 'https://cran.rstudio.com/bin/windows/contrib/4.0/withr_2.2.0.zip'
Content type 'application/zip' length 207525 bytes (202 KB)
downloaded 202 KB

trying URL 'https://cran.rstudio.com/bin/windows/contrib/4.0/ggplot2_3.3.2.zip'
Content type 'application/zip' length 4068375 bytes (3.9 MB)
downloaded 3.9 MB

package ‘ps’ successfully unpacked and MD5 sums checked
package ‘processx’ successfully unpacked and MD5 sums checked
package ‘callr’ successfully unpacked and MD5 sums checked
package ‘prettyunits’ successfully unpacked and MD5 sums checked
package ‘backports’ successfully unpacked and MD5 sums checked
package ‘desc’ successfully unpacked and MD5 sums checked
package ‘pkgbuild’ successfully unpacked and MD5 sums checked
package ‘rprojroot’ successfully unpacked and MD5 sums checked
package ‘rstudioapi’ successfully unpacked and MD5 sums checked
package ‘evaluate’ successfully unpacked and MD5 sums checked
package ‘pkgload’ successfully unpacked and MD5 sums checked
package ‘praise’ successfully unpacked and MD5 sums checked
package ‘colorspace’ successfully unpacked and MD5 sums checked
package ‘assertthat’ successfully unpacked and MD5 sums checked
package ‘utf8’ successfully unpacked and MD5 sums checked
package ‘testthat’ successfully unpacked and MD5 sums checked
package ‘farver’ successfully unpacked and MD5 sums checked
package ‘labeling’ successfully unpacked and MD5 sums checked
package ‘lifecycle’ successfully unpacked and MD5 sums checked
package ‘munsell’ successfully unpacked and MD5 sums checked
package ‘R6’ successfully unpacked and MD5 sums checked
package ‘RColorBrewer’ successfully unpacked and MD5 sums checked
package ‘viridisLite’ successfully unpacked and MD5 sums checked
package ‘cli’ successfully unpacked and MD5 sums checked
package ‘crayon’ successfully unpacked and MD5 sums checked
package ‘ellipsis’ successfully unpacked and MD5 sums checked
package ‘fansi’ successfully unpacked and MD5 sums checked
package ‘magrittr’ successfully unpacked and MD5 sums checked
package ‘pillar’ successfully unpacked and MD5 sums checked
package ‘pkgconfig’ successfully unpacked and MD5 sums checked
package ‘vctrs’ successfully unpacked and MD5 sums checked
package ‘digest’ successfully unpacked and MD5 sums checked
package ‘glue’ successfully unpacked and MD5 sums checked
package ‘gtable’ successfully unpacked and MD5 sums checked
package ‘isoband’ successfully unpacked and MD5 sums checked
package ‘rlang’ successfully unpacked and MD5 sums checked
package ‘scales’ successfully unpacked and MD5 sums checked
package ‘tibble’ successfully unpacked and MD5 sums checked
package ‘withr’ successfully unpacked and MD5 sums checked
package ‘ggplot2’ successfully unpacked and MD5 sums checked

The downloaded binary packages are in
	C:\Users\rmusf\AppData\Local\Temp\RtmpKGt1sp\downloaded_packages
> a2matrix(,2)
Error in a2matrix(, 2) : could not find function "a2matrix"
> a2.matrix
     [,1] [,2]
[1,]    1    5
[2,]    2    6
[3,]    3    7
[4,]    4    8
> a2.matrix(,20)
Error in a2.matrix(, 20) : could not find function "a2.matrix"
> a2.matrix(,2)
Error in a2.matrix(, 2) : could not find function "a2.matrix"
> a2.matrix[,2]
[1] 5 6 7 8
> favs<- read.table(file.chose(), sep=",",header=TRUE)
Error in file.chose() : could not find function "file.chose"
> favs<- read.table(file.ch0ose(), sep=",",header=TRUE)
Error in file.ch0ose() : could not find function "file.ch0ose"
> favs<- read.table(file.choose(), sep=",",header=TRUE)
> View(favs)
> View(favs)
> update{favs}
Error: unexpected '{' in "update{"
> update(favs)
Error in update.default(favs) : need an object with call component
> head(favs)
              falvour number
1           pistachio      6
2 mint chocolate chip      7
3             vanilla      5
4           chocolate     10
5          strawberry      2
6         neopoplitan      4
> favs<- read.table(file.choose(), sep=",",header=TRUE)
> head(favs)
              flavour number
1           pistachio      6
2 mint chocolate chip      7
3             vanilla      5
4           chocolate     10
5          strawberry      2
6         neopoplitan      4
> View(favs)
> clas.favs
Error: object 'clas.favs' not found
> class(favs)
[1] "data.frame"
> class(favs$flavour)
[1] "character"
> class(favs$number)
[1] "integer"
> favs$flavour
[1] "pistachio"           "mint chocolate chip" "vanilla"            
[4] "chocolate"           "strawberry"          "neopoplitan"        
> count(flavour)
Error in count(flavour) : could not find function "count"
> names(favs)
[1] "flavour" "number" 
> names(favs)[1],-"flav"
Error: unexpected ',' in "names(favs)[1],"
> names(favs)[1] <- "flavs"
> favs
                flavs number
1           pistachio      6
2 mint chocolate chip      7
3             vanilla      5
4           chocolate     10
5          strawberry      2
6         neopoplitan      4
> str(favs)
'data.frame':	6 obs. of  2 variables:
 $ flavs : chr  "pistachio" "mint chocolate chip" "vanilla" "chocolate" ...
 $ number: int  6 7 5 10 2 4
> library(ggplot2)
Warning message:
package ‘ggplot2’ was built under R version 4.0.2 
> ggplot(favs, aes(x=flavs, y=number)) ++ geom_bar(stat="identity") ++ ggtitle("soy ice cream flavor preferences")
Error: Cannot use `+.gg()` with a single argument. Did you accidentally put + on a new line?
Run `rlang::last_error()` to see where the error occurred.
> ggplot(favs, aes(x=flavs, y=number)) ++ geom_bar(stat="identity") ++ ggtitle("soy ice cream flavor preferences")
Error: Cannot use `+.gg()` with a single argument. Did you accidentally put + on a new line?
Run `rlang::last_error()` to see where the error occurred.
> ggplot(favs, aes(x=flavs, y=number)) +                                  + geom_bar(stat="identity") +                                         + ggtitle("soy ice cream flavor preferences")
Error: Cannot use `+.gg()` with a single argument. Did you accidentally put + on a new line?
Run `rlang::last_error()` to see where the error occurred.
> rlang::last_error()
<error/rlang_error>
Cannot use `+.gg()` with a single argument. Did you accidentally put + on a new line?
Backtrace:
 1. ggplot2:::`+.gg`(geom_bar(stat = "identity"))
Run `rlang::last_trace()` to see the full context.
> ggplot(favs, aes(x=flavs, y=number))                                   + geom_bar(stat="identity")                                          + ggtitle("soy ice cream flavor preferences")
> install.packages("gdata")